 
****************************************
Report : threshold voltage group
Design : DMAC_TOP
Version: Q-2019.12-SP5-5
Date   : Thu Dec  4 23:41:49 2025
****************************************

********************************************************************************
                        Threshold Voltage Group Report                         

Vth Group                All                Blackbox           Non-blackbox
Name                    cells                cells                cells
********************************************************************************
saed32cell_lvt       7131 (100.00%)          0   (0.00%)       7131 (100.00%)   
********************************************************************************

Vth Group                All                Blackbox           Non-blackbox
Name                  cell area            cell area            cell area
********************************************************************************
saed32cell_lvt   26122.45 (100.00%)       0.00   (0.00%)   26122.45 (100.00%)   
********************************************************************************
1
